[assembly: System.Runtime.Versioning.TargetFrameworkAttribute(".NETStandard,Version=v2.0", FrameworkDisplayName="")]
namespace NServiceBus.AttributeRouting
{
    public class AttributeRoutingFeature : NServiceBus.Features.Feature
    {
        public AttributeRoutingFeature() { }
        protected override void Setup(NServiceBus.Features.FeatureConfigurationContext context) { }
    }
}
namespace NServiceBus
{
    public class static RoutingSettingsExtensions
    {
        public static void EnableAttributeRouting(this NServiceBus.EndpointConfiguration endpointConfiguration) { }
    }
}